
> server@1.0.0 test
> jest --forceExit --detectOpenHandles

  console.log
    ◇ injected env (9) from .env // tip: ◈ secrets for agents [www.dotenvx.com]

      at _log (node_modules/dotenv/lib/main.js:131:11)

[0mPOST /api/v1/ai/process [33m401[0m 4.906 ms - 47[0m
[0mPOST /api/v1/ai/process [33m400[0m 33.610 ms - 45[0m
[0mPOST /api/v1/ai/process [33m400[0m 5.716 ms - 45[0m
[0mPOST /api/v1/ai/process [33m400[0m 5.322 ms - 62[0m
[0mPOST /api/v1/ai/process [33m400[0m 6.706 ms - 77[0m
[0mPOST /api/v1/ai/process [33m400[0m 5.239 ms - 80[0m
[0mPOST /api/v1/ai/process [33m400[0m 14.356 ms - 65[0m
[0mPOST /api/v1/ai/process [32m200[0m 19.687 ms - 178[0m
[0mPOST /api/v1/ai/process [31m500[0m 8.773 ms - 67[0m
[0mPOST /api/v1/ai/process [32m200[0m 7.531 ms - 144[0m
[0mPOST /api/v1/ai/process [32m200[0m 5.041 ms - 121[0m
[0mPOST /api/v1/ai/process [32m200[0m 16.727 ms - 127[0m
[0mPOST /api/v1/ai/process [32m200[0m 3.798 ms - 90[0m
[0mPOST /api/v1/ai/process [32m200[0m 4.110 ms - 129[0m
[0mPOST /api/v1/ai/process [32m200[0m 5.192 ms - 129[0m
[0mPOST /api/v1/ai/process [32m200[0m 4.622 ms - 129[0m
[0mPOST /api/v1/ai/process [32m200[0m 4.316 ms - 129[0m
[0mPOST /api/v1/ai/process [32m200[0m 4.165 ms - 129[0m
[0mPOST /api/v1/ai/process [32m200[0m 5.001 ms - 129[0m
[0mPOST /api/v1/ai/process [32m200[0m 7.190 ms - 129[0m
[0mPOST /api/v1/ai/process [32m200[0m 7.907 ms - 129[0m
[0mPOST /api/v1/ai/process [32m200[0m 4.034 ms - 129[0m
[0mPOST /api/v1/ai/process [32m200[0m 5.876 ms - 129[0m
[0mPOST /api/v1/ai/process [32m200[0m 5.469 ms - 129[0m
[0mPOST /api/v1/ai/process [32m200[0m 4.592 ms - 129[0m
[0mPOST /api/v1/ai/process [32m200[0m 8.200 ms - 129[0m
[0mPOST /api/v1/ai/process [32m200[0m 10.588 ms - 129[0m
[0mPOST /api/v1/ai/process [32m200[0m 3.517 ms - 129[0m
[0mPOST /api/v1/ai/process [32m200[0m 3.854 ms - 129[0m
[0mPOST /api/v1/ai/process [32m200[0m 6.416 ms - 129[0m
[0mPOST /api/v1/ai/process [32m200[0m 6.578 ms - 129[0m
[0mPOST /api/v1/ai/process [32m200[0m 9.311 ms - 129[0m
[0mPOST /api/v1/ai/process [32m200[0m 10.395 ms - 129[0m
[0mPOST /api/v1/ai/process [33m429[0m 3.852 ms - 113[0m
[0mPOST /api/v1/ai/process [32m200[0m 9.020 ms - 104[0m
[0mGET /api/v1/ai/health [32m200[0m 7.915 ms - 128[0m
[0mGET /api/v1/ai/health [31m503[0m 4.112 ms - 131[0m
  console.log
    ◇ injected env (9) from .env // tip: ⌘ override existing { override: true }

      at _log (node_modules/dotenv/lib/main.js:131:11)

  console.log
    ◇ injected env (0) from .env // tip: ⌘ multiple files { path: ['.env.local', '.env'] }

      at _log (node_modules/dotenv/lib/main.js:131:11)

  console.error
    [AI] Failed to parse smart replies. Raw output: not json at all

      154 |   } catch (error) {
      155 |     // Log the raw output for debugging — never expose it to the client
    > 156 |     console.error(`[AI] Failed to parse ${context}. Raw output:`, raw);
          |             ^
      157 |     throw ApiError.internal(
      158 |       `AI returned malformed ${context}. Please try again.`
      159 |     );

      at parseJSONArray (src/ai/ai.service.ts:156:13)
      at Object.smartReply (src/ai/ai.service.ts:70:21)

  console.error
    [AI] Failed to parse tasks. Raw output: No tasks found in this conversation.

      154 |   } catch (error) {
      155 |     // Log the raw output for debugging — never expose it to the client
    > 156 |     console.error(`[AI] Failed to parse ${context}. Raw output:`, raw);
          |             ^
      157 |     throw ApiError.internal(
      158 |       `AI returned malformed ${context}. Please try again.`
      159 |     );

      at parseJSONArray (src/ai/ai.service.ts:156:13)
      at Object.extractTasks (src/ai/ai.service.ts:95:19)

  console.log
    ◇ injected env (9) from .env // tip: ⌘ multiple files { path: ['.env.local', '.env'] }

      at _log (node_modules/dotenv/lib/main.js:131:11)

[0mPOST /api/v1/auth/verify-otp [33m400[0m 2.452 ms - 80[0m
[0mPOST /api/v1/auth/verify-otp [33m400[0m 1.223 ms - 80[0m
[0mPOST /api/v1/auth/verify-otp [33m400[0m 0.815 ms - 58[0m
[0mPOST /api/v1/auth/verify-otp [33m400[0m 0.728 ms - 58[0m
[0mPOST /api/v1/auth/verify-otp [32m200[0m 118.984 ms - 379[0m
[0mPOST /api/v1/auth/verify-otp [32m200[0m 130.771 ms - 379[0m
[0mPOST /api/v1/auth/verify-otp [32m200[0m 110.095 ms - 379[0m
[0mPOST /api/v1/auth/verify-otp [32m200[0m 113.932 ms - 379[0m
[0mPOST /api/v1/auth/verify-otp [32m200[0m 92.275 ms - 379[0m
[0mPOST /api/v1/auth/verify-otp [32m200[0m 134.760 ms - 403[0m
[0mPOST /api/v1/auth/verify-otp [32m200[0m 94.651 ms - 403[0m
[0mPOST /api/v1/auth/verify-otp [33m400[0m 3.513 ms - 81[0m
[0mPOST /api/v1/auth/verify-otp [33m400[0m 7.292 ms - 72[0m
[0mPOST /api/v1/auth/verify-otp [33m401[0m 94.976 ms - 64[0m
[0mPOST /api/v1/auth/verify-otp [33m429[0m 4.640 ms - 86[0m
[0mPOST /api/v1/auth/verify-otp [33m401[0m 150.901 ms - 64[0m
[0mPOST /api/v1/auth/verify-otp [32m200[0m 110.791 ms - 379[0m
  console.log
    ◇ injected env (9) from .env // tip: ⌘ custom filepath { path: '/custom/path/.env' }

      at _log (node_modules/dotenv/lib/main.js:131:11)

[0mPOST /api/v1/auth/send-otp [33m400[0m 1.831 ms - 80[0m
[0mPOST /api/v1/auth/send-otp [33m400[0m 0.533 ms - 81[0m
[0mPOST /api/v1/auth/send-otp [33m400[0m 1.646 ms - 81[0m
[0mPOST /api/v1/auth/send-otp [33m400[0m 0.390 ms - 81[0m
[0mPOST /api/v1/auth/send-otp [32m200[0m 135.737 ms - 105[0m
[0mPOST /api/v1/auth/send-otp [32m200[0m 102.506 ms - 105[0m
[0mPOST /api/v1/auth/send-otp [32m200[0m 95.993 ms - 105[0m
[0mPOST /api/v1/auth/send-otp [32m200[0m 96.550 ms - 105[0m
[0mPOST /api/v1/auth/send-otp [32m200[0m 122.887 ms - 105[0m
[0mPOST /api/v1/auth/send-otp [33m429[0m 0.505 ms - 80[0m
[0mPOST /api/v1/auth/send-otp [32m200[0m 142.514 ms - 105[0m
[0mPOST /api/v1/auth/send-otp [32m200[0m 108.788 ms - 105[0m
[0mPOST /api/v1/auth/send-otp [32m200[0m 90.666 ms - 105[0m
[0mPOST /api/v1/auth/send-otp [32m200[0m 98.658 ms - 105[0m
[0mPOST /api/v1/auth/send-otp [32m200[0m 110.634 ms - 105[0m
[0mPOST /api/v1/auth/send-otp [33m429[0m 1.129 ms - 80[0m
[0mPOST /api/v1/auth/send-otp [32m200[0m 97.731 ms - 105[0m
[0mPOST /api/v1/auth/send-otp [33m400[0m 0.464 ms - 81[0m
[0mPOST /api/v1/auth/send-otp [33m400[0m 0.393 ms - 81[0m
[0mPOST /api/v1/auth/send-otp [33m400[0m 0.378 ms - 81[0m
[0mPOST /api/v1/auth/send-otp [33m400[0m 0.414 ms - 81[0m
[0mPOST /api/v1/auth/send-otp [32m200[0m 97.799 ms - 105[0m
  console.log
    ◇ injected env (9) from .env // tip: ⌘ override existing { override: true }

      at _log (node_modules/dotenv/lib/main.js:131:11)

[0mGET /api/v1/messages/6a0eb3c61c01795ba5f663bf [33m401[0m 1.347 ms - 47[0m
[0mGET /api/v1/messages/6a0eb3c61c01795ba5f663c2 [33m404[0m 14.303 ms - 69[0m
[0mGET /api/v1/messages/6a0eb3c61c01795ba5f663c6 [32m200[0m 12.141 ms - 102[0m
[0mGET /api/v1/messages/6a0eb3c61c01795ba5f663c9 [32m200[0m 11.996 ms - 9322[0m
[0mGET /api/v1/messages/6a0eb3c61c01795ba5f663ef [32m200[0m 10.191 ms - 3151[0m
[0mGET /api/v1/messages/6a0eb3c61c01795ba5f663fc [32m200[0m 12.697 ms - 9322[0m
[0mGET /api/v1/messages/6a0eb3c61c01795ba5f663fc?before=6a0eb3c61c01795ba5f66402 [32m200[0m 9.028 ms - 1626[0m
[0mGET /api/v1/messages/6a0eb3c61c01795ba5f66422?before=not-a-valid-id [33m400[0m 6.962 ms - 44[0m
[0mPOST /api/v1/messages/6a0eb3c61c01795ba5f66425/read [32m200[0m 19.047 ms - 71[0m
[0mPOST /api/v1/messages/6a0eb3c61c01795ba5f6642f/read [32m200[0m 7.113 ms - 71[0m
[0mPOST /api/v1/messages/6a0eb3c61c01795ba5f66434/read [32m200[0m 12.486 ms - 71[0m
[0mPOST /api/v1/messages/6a0eb3c61c01795ba5f66434/read [32m200[0m 6.368 ms - 71[0m
  console.log
    ◇ injected env (9) from .env // tip: ⌘ custom filepath { path: '/custom/path/.env' }

      at _log (node_modules/dotenv/lib/main.js:131:11)

[0mPOST /api/v1/conversations [33m401[0m 0.757 ms - 47[0m
[0mPOST /api/v1/conversations [33m400[0m 10.598 ms - 60[0m
[0mPOST /api/v1/conversations [33m400[0m 6.652 ms - 60[0m
[0mPOST /api/v1/conversations [32m201[0m 20.659 ms - 484[0m
[0mPOST /api/v1/conversations [32m201[0m 19.611 ms - 484[0m
[0mPOST /api/v1/conversations [32m200[0m 12.110 ms - 481[0m
[0mGET /api/v1/conversations [32m200[0m 9.374 ms - 60[0m
[0mGET /api/v1/conversations [32m200[0m 31.426 ms - 517[0m
[0mGET /api/v1/conversations [32m200[0m 8.973 ms - 60[0m
[0mPATCH /api/v1/conversations/6a0eb3c96478c2ea6189c96e/accept [32m200[0m 20.330 ms - 308[0m
[0mPATCH /api/v1/conversations/6a0eb3c96478c2ea6189c971/accept [33m404[0m 5.805 ms - 85[0m
[0mPATCH /api/v1/conversations/6a0eb3c96478c2ea6189c974/reject [32m200[0m 8.774 ms - 98[0m
  console.log
    ◇ injected env (9) from .env // tip: ⌘ suppress logs { quiet: true }

      at _log (node_modules/dotenv/lib/main.js:131:11)

[0mGET /api/v1/users/search?phone=+919876543210 [33m401[0m 0.948 ms - 47[0m
[0mGET /api/v1/users/search [33m400[0m 13.171 ms - 78[0m
[0mGET /api/v1/users/search?phone=+919000000099 [32m200[0m 13.839 ms - 65[0m
[0mGET /api/v1/users/search?phone=%2B919000000002 [32m200[0m 7.326 ms - 185[0m
[0mGET /api/v1/users/search?phone=%2B919000000004 [32m200[0m 6.173 ms - 183[0m
[0mPOST /api/v1/users/me/public-key [32m200[0m 7.517 ms - 62[0m
[0mPOST /api/v1/users/me/public-key [33m400[0m 3.952 ms - 80[0m
[0mGET /api/v1/users/6a0eb3ca42e3ade9e3f3f998/public-key [33m400[0m 10.054 ms - 74[0m
[0mGET /api/v1/users/6a0eb3ca42e3ade9e3f3f99a/public-key [32m200[0m 8.060 ms - 118[0m
  console.log
    ◇ injected env (9) from .env // tip: ⌘ suppress logs { quiet: true }

      at _log (node_modules/dotenv/lib/main.js:131:11)

[0mGET /api/v1/auth/me [33m401[0m 2.798 ms - 47[0m
[0mGET /api/v1/auth/me [33m401[0m 1.613 ms - 47[0m
[0mGET /api/v1/auth/me [33m401[0m 0.931 ms - 44[0m
[0mGET /api/v1/auth/me [33m401[0m 6.262 ms - 51[0m
[0mGET /api/v1/auth/me [32m200[0m 3.849 ms - 158[0m
[0mGET /api/v1/auth/me [32m200[0m 4.427 ms - 158[0m
[0mPOST /api/v1/auth/refresh [33m401[0m 0.486 ms - 47[0m
[0mPOST /api/v1/auth/refresh [32m200[0m 4.020 ms - 272[0m
  console.log
    ◇ injected env (9) from .env // tip: ⌘ multiple files { path: ['.env.local', '.env'] }

      at _log (node_modules/dotenv/lib/main.js:131:11)

[0mGET /api/v1/nonexistent [33m404[0m 0.590 ms - 45[0m
[0mDELETE /api/v1/auth/send-otp [33m404[0m 1.012 ms - 45[0m
[0mGET /api/v1/health [32m200[0m 0.529 ms - 76[0m
[0mGET /api/v1/health [32m200[0m 0.451 ms - 76[0m
[0mPOST /api/v1/auth/send-otp [33m400[0m 1.822 ms - 81[0m
  console.log
    ◇ injected env (9) from .env // tip: ⌘ enable debugging { debug: true }

      at _log (node_modules/dotenv/lib/main.js:131:11)

  console.log
    ◇ injected env (9) from .env // tip: ◈ secrets for agents [www.dotenvx.com]

      at _log (node_modules/dotenv/lib/main.js:131:11)

